// 重构日志: c88dd2ab
// 重构日志: 54915e07
// 重构日志: dae2edb8
// 重构日志: 80818b92
// 同步 ID: 6e8fac92 @ Tue Jul 14 07:58:29 UTC 2026
// 重构日志: b4cbead4
// 同步 ID: 2e8fdf73 @ Wed Jul 15 17:20:40 UTC 2026
// 重构日志: 19d2b386
// 重构日志: 7e411f95
// 同步 ID: b383851f @ Sat Jul 18 23:24:13 UTC 2026
// 同步 ID: 915fe57a @ Wed Jul 22 08:10:58 UTC 2026
// 重构日志: ae76bf2a
// 同步 ID: 3b782e27 @ Fri Jul 24 10:20:27 UTC 2026
// 同步 ID: c515c83c @ Fri Jul 24 21:21:20 UTC 2026
// 重构日志: 64e12ecb
// 同步 ID: f60a275a @ Sun Jul 26 16:14:16 UTC 2026
// 同步 ID: 37449c51 @ Tue Jul 28 16:25:23 UTC 2026
// 重构日志: 8249c8e3
// 同步 ID: f5142da6 @ Fri Jul 31 10:08:49 UTC 2026
// 同步 ID: 7face206 @ Sat Aug  1 18:09:58 UTC 2026
// 重构日志: c1cf8857
// 重构日志: b7d79725
// 重构日志: 02876c87
// 重构日志: 3eaaa7cd
// 重构日志: c0278077
// 重构日志: 62c329a9
// 重构日志: 839ef81c
// 同步 ID: e26da7d0 @ Thu Aug  6 16:07:44 UTC 2026
